> Task :app:checkKotlinGradlePluginConfigurationErrors SKIPPED
> Task :app:preBuild UP-TO-DATE
> Task :app:preDebugBuild UP-TO-DATE
> Task :app:dataBindingMergeDependencyArtifactsDebug UP-TO-DATE
> Task :app:generateDebugResValues UP-TO-DATE
> Task :app:generateDebugResources UP-TO-DATE
> Task :app:mergeDebugResources UP-TO-DATE
> Task :app:packageDebugResources UP-TO-DATE
> Task :app:parseDebugLocalResources UP-TO-DATE
> Task :app:dataBindingGenBaseClassesDebug UP-TO-DATE
> Task :app:checkDebugAarMetadata UP-TO-DATE
> Task :app:mapDebugSourceSetPaths UP-TO-DATE
> Task :app:createDebugCompatibleScreenManifests UP-TO-DATE
> Task :app:extractDeepLinksDebug UP-TO-DATE
> Task :app:processDebugMainManifest UP-TO-DATE
> Task :app:processDebugManifest UP-TO-DATE
> Task :app:processDebugManifestForPackage UP-TO-DATE
> Task :app:processDebugResources UP-TO-DATE

> Task :app:compileDebugKotlin FAILED
.\\gradlew : e: file:///D:/Users/itssa/AndroidStudioProjects/PdfScrollReader/app/src/main/java/com/sanjog/pdfscrollread
er/ui/fragment/PdfViewerFragment.kt:128:24 Class '<anonymous>' is not abstract and does not implement abstract member 
'onApplyEditsSuccess'.
At line:1 char:1
+ .\\gradlew compileDebugKotlin > build_output.txt 2>&1
+ ~~~~~~~~~~~~~~~~~~~~~~~~~~~~~~~~~~~~~~~~~~~~~~~~~~~~~
    + CategoryInfo          : NotSpecified: (e: file:///D:/U...yEditsSuccess'.:String) [], RemoteException
    + FullyQualifiedErrorId : NativeCommandError
 
e: file:///D:/Users/itssa/AndroidStudioProjects/PdfScrollReader/app/src/main/java/com/sanjog/pdfscrollreader/ui/fragmen
t/pdfviewer/PdfExportManager.kt:14:12 Unresolved reference 'tomroush'.
e: file:///D:/Users/itssa/AndroidStudioProjects/PdfScrollReader/app/src/main/java/com/sanjog/pdfscrollreader/ui/fragmen
t/pdfviewer/PdfExportManager.kt:15:12 Unresolved reference 'tomroush'.
e: file:///D:/Users/itssa/AndroidStudioProjects/PdfScrollReader/app/src/main/java/com/sanjog/pdfscrollreader/ui/fragmen
t/pdfviewer/PdfExportManager.kt:16:12 Unresolved reference 'tomroush'.
e: file:///D:/Users/itssa/AndroidStudioProjects/PdfScrollReader/app/src/main/java/com/sanjog/pdfscrollreader/ui/fragmen
t/pdfviewer/PdfExportManager.kt:17:12 Unresolved reference 'tomroush'.
e: file:///D:/Users/itssa/AndroidStudioProjects/PdfScrollReader/app/src/main/java/com/sanjog/pdfscrollreader/ui/fragmen
t/pdfviewer/PdfExportManager.kt:28:9 Unresolved reference 'PDFBoxResourceLoader'.
e: file:///D:/Users/itssa/AndroidStudioProjects/PdfScrollReader/app/src/main/java/com/sanjog/pdfscrollreader/ui/fragmen
t/pdfviewer/PdfExportManager.kt:52:74 Cannot infer type for this parameter. Please specify it explicitly.
e: file:///D:/Users/itssa/AndroidStudioProjects/PdfScrollReader/app/src/main/java/com/sanjog/pdfscrollreader/ui/fragmen
t/pdfviewer/PdfExportManager.kt:53:36 Unresolved reference 'PDDocument'.
e: file:///D:/Users/itssa/AndroidStudioProjects/PdfScrollReader/app/src/main/java/com/sanjog/pdfscrollreader/ui/fragmen
t/pdfviewer/PdfExportManager.kt:73:25 Unresolved reference 'PDPageContentStream'.
e: file:///D:/Users/itssa/AndroidStudioProjects/PdfScrollReader/app/src/main/java/com/sanjog/pdfscrollreader/ui/fragmen
t/pdfviewer/PdfExportManager.kt:73:61 Unresolved reference 'PDPageContentStream'.
e: file:///D:/Users/itssa/AndroidStudioProjects/PdfScrollReader/app/src/main/java/com/sanjog/pdfscrollreader/ui/fragmen
t/pdfviewer/PdfExportManager.kt:73:112 Cannot infer type for this parameter. Please specify it explicitly.
e: file:///D:/Users/itssa/AndroidStudioProjects/PdfScrollReader/app/src/main/java/com/sanjog/pdfscrollreader/ui/fragmen
t/pdfviewer/PdfExportManager.kt:73:118 Cannot infer type for this parameter. Please specify it explicitly.
e: file:///D:/Users/itssa/AndroidStudioProjects/PdfScrollReader/app/src/main/java/com/sanjog/pdfscrollreader/ui/fragmen
t/pdfviewer/PdfExportManager.kt:83:49 Unresolved reference 'PDExtendedGraphicsState'.
e: file:///D:/Users/itssa/AndroidStudioProjects/PdfScrollReader/app/src/main/java/com/sanjog/pdfscrollreader/ui/fragmen
t/pdfviewer/PdfExportManager.kt:86:47 Unresolved reference 'setGraphicsStateParameters'.
e: file:///D:/Users/itssa/AndroidStudioProjects/PdfScrollReader/app/src/main/java/com/sanjog/pdfscrollreader/ui/fragmen
t/pdfviewer/PdfExportManager.kt:88:47 Unresolved reference 'setLineWidth'.
e: file:///D:/Users/itssa/AndroidStudioProjects/PdfScrollReader/app/src/main/java/com/sanjog/pdfscrollreader/ui/fragmen
t/pdfviewer/PdfExportManager.kt:89:47 Unresolved reference 'setStrokingColor'.
e: file:///D:/Users/itssa/AndroidStudioProjects/PdfScrollReader/app/src/main/java/com/sanjog/pdfscrollreader/ui/fragmen
t/pdfviewer/PdfExportManager.kt:94:47 Unresolved reference 'setNonStrokingColor'.
e: file:///D:/Users/itssa/AndroidStudioProjects/PdfScrollReader/app/src/main/java/com/sanjog/pdfscrollreader/ui/fragmen
t/pdfviewer/PdfExportManager.kt:104:55 Unresolved reference 'addRect'.
e: file:///D:/Users/itssa/AndroidStudioProjects/PdfScrollReader/app/src/main/java/com/sanjog/pdfscrollreader/ui/fragmen
t/pdfviewer/PdfExportManager.kt:105:80 Unresolved reference 'fillAndStroke'.
e: file:///D:/Users/itssa/AndroidStudioProjects/PdfScrollReader/app/src/main/java/com/sanjog/pdfscrollreader/ui/fragmen
t/pdfviewer/PdfExportManager.kt:105:115 Unresolved reference 'stroke'.
e: file:///D:/Users/itssa/AndroidStudioProjects/PdfScrollReader/app/src/main/java/com/sanjog/pdfscrollreader/ui/fragmen
t/pdfviewer/PdfExportManager.kt:110:55 Unresolved reference 'addRect'.
e: file:///D:/Users/itssa/AndroidStudioProjects/PdfScrollReader/app/src/main/java/com/sanjog/pdfscrollreader/ui/fragmen
t/pdfviewer/PdfExportManager.kt:111:80 Unresolved reference 'fillAndStroke'.
e: file:///D:/Users/itssa/AndroidStudioProjects/PdfScrollReader/app/src/main/java/com/sanjog/pdfscrollreader/ui/fragmen
t/pdfviewer/PdfExportManager.kt:111:115 Unresolved reference 'stroke'.
e: file:///D:/Users/itssa/AndroidStudioProjects/PdfScrollReader/app/src/main/java/com/sanjog/pdfscrollreader/ui/fragmen
t/pdfviewer/PdfExportManager.kt:126:49 Unresolved reference 'PDExtendedGraphicsState'.
e: file:///D:/Users/itssa/AndroidStudioProjects/PdfScrollReader/app/src/main/java/com/sanjog/pdfscrollreader/ui/fragmen
t/pdfviewer/PdfExportManager.kt:129:47 Unresolved reference 'setGraphicsStateParameters'.
e: file:///D:/Users/itssa/AndroidStudioProjects/PdfScrollReader/app/src/main/java/com/sanjog/pdfscrollreader/ui/fragmen
t/pdfviewer/PdfExportManager.kt:131:47 Unresolved reference 'setStrokingColor'.
e: file:///D:/Users/itssa/AndroidStudioProjects/PdfScrollReader/app/src/main/java/com/sanjog/pdfscrollreader/ui/fragmen
t/pdfviewer/PdfExportManager.kt:132:47 Unresolved reference 'setLineWidth'.
e: file:///D:/Users/itssa/AndroidStudioProjects/PdfScrollReader/app/src/main/java/com/sanjog/pdfscrollreader/ui/fragmen
t/pdfviewer/PdfExportManager.kt:133:47 Unresolved reference 'setLineCapStyle'.
e: file:///D:/Users/itssa/AndroidStudioProjects/PdfScrollReader/app/src/main/java/com/sanjog/pdfscrollreader/ui/fragmen
t/pdfviewer/PdfExportManager.kt:134:47 Unresolved reference 'setLineJoinStyle'.
e: file:///D:/Users/itssa/AndroidStudioProjects/PdfScrollReader/app/src/main/java/com/sanjog/pdfscrollreader/ui/fragmen
t/pdfviewer/PdfExportManager.kt:142:47 Unresolved reference 'moveTo'.
e: file:///D:/Users/itssa/AndroidStudioProjects/PdfScrollReader/app/src/main/java/com/sanjog/pdfscrollreader/ui/fragmen
t/pdfviewer/PdfExportManager.kt:148:51 Unresolved reference 'lineTo'.
e: file:///D:/Users/itssa/AndroidStudioProjects/PdfScrollReader/app/src/main/java/com/sanjog/pdfscrollreader/ui/fragmen
t/pdfviewer/PdfExportManager.kt:150:47 Unresolved reference 'stroke'.
e: file:///D:/Users/itssa/AndroidStudioProjects/PdfScrollReader/app/src/main/java/com/sanjog/pdfscrollreader/ui/fragmen
t/pdfviewer/PdfExportManager.kt:156:77 Cannot infer type for this parameter. Please specify it explicitly.

[Incubating] Problems report is available at: file:///D:/Users/itssa/AndroidStudioProjects/PdfScrollReader/build/reports/problems/problems-report.html

FAILURE: Build failed with an exception.

* What went wrong:
Execution failed for task ':app:compileDebugKotlin'.
> A failure occurred while executing 
org.jetbrains.kotlin.compilerRunner.GradleCompilerRunnerWithWorkers$GradleKotlinCompilerWorkAction
   > Compilation error. See log for more details

* Try:
> Run with --stacktrace option to get the stack trace.
> Run with --info or --debug option to get more log output.
> Run with --scan to get full insights from a Build Scan (powered by Develocity).
> Get more help at https://help.gradle.org.

Deprecated Gradle features were used in this build, making it incompatible with Gradle 10.

You can use '--warning-mode all' to show the individual deprecation warnings and determine if they come from your own scripts or plugins.


For more on this, please refer to https://docs.gradle.org/9.3.1/userguide/command_line_interface.html#sec:command_line_warnings in the Gradle documentation.
BUILD FAILED in 4s
16 actionable tasks: 1 executed, 15 up-to-date
