
.\gradlew.bat : e: file:///D:/Users/itssa/AndroidStudioProjects/PdfScrollReader/app/src/main/java/com/sanjog/pdfscrollr
    + CategoryInfo          : NotSpecified: (e: file:///D:/U...een candidates::String) [], RemoteException
e: file:///D:/Users/itssa/AndroidStudioProjects/PdfScrollReader/app/src/main/java/com/sanjog/pdfscrollreader/ui/fragmen
e: file:///D:/Users/itssa/AndroidStudioProjects/PdfScrollReader/app/src/main/java/com/sanjog/pdfscrollreader/ui/fragmen
e: file:///D:/Users/itssa/AndroidStudioProjects/PdfScrollReader/app/src/main/java/com/sanjog/pdfscrollreader/ui/fragmen
e: file:///D:/Users/itssa/AndroidStudioProjects/PdfScrollReader/app/src/main/java/com/sanjog/pdfscrollreader/ui/fragmen
e: file:///D:/Users/itssa/AndroidStudioProjects/PdfScrollReader/app/src/main/java/com/sanjog/pdfscrollreader/ui/fragmen
e: file:///D:/Users/itssa/AndroidStudioProjects/PdfScrollReader/app/src/main/java/com/sanjog/pdfscrollreader/ui/fragmen
e: file:///D:/Users/itssa/AndroidStudioProjects/PdfScrollReader/app/src/main/java/com/sanjog/pdfscrollreader/ui/fragmen
e: file:///D:/Users/itssa/AndroidStudioProjects/PdfScrollReader/app/src/main/java/com/sanjog/pdfscrollreader/ui/fragmen
e: file:///D:/Users/itssa/AndroidStudioProjects/PdfScrollReader/app/src/main/java/com/sanjog/pdfscrollreader/ui/fragmen
e: file:///D:/Users/itssa/AndroidStudioProjects/PdfScrollReader/app/src/main/java/com/sanjog/pdfscrollreader/ui/fragmen
e: file:///D:/Users/itssa/AndroidStudioProjects/PdfScrollReader/app/src/main/java/com/sanjog/pdfscrollreader/ui/fragmen
e: file:///D:/Users/itssa/AndroidStudioProjects/PdfScrollReader/app/src/main/java/com/sanjog/pdfscrollreader/ui/fragmen
e: file:///D:/Users/itssa/AndroidStudioProjects/PdfScrollReader/app/src/main/java/com/sanjog/pdfscrollreader/ui/fragmen
e: file:///D:/Users/itssa/AndroidStudioProjects/PdfScrollReader/app/src/main/java/com/sanjog/pdfscrollreader/ui/fragmen
e: file:///D:/Users/itssa/AndroidStudioProjects/PdfScrollReader/app/src/main/java/com/sanjog/pdfscrollreader/ui/fragmen
fun setAnnotationUiState(visible: Boolean): Unit
e: file:///D:/Users/itssa/AndroidStudioProjects/PdfScrollReader/app/src/main/java/com/sanjog/pdfscrollreader/ui/fragmen
e: file:///D:/Users/itssa/AndroidStudioProjects/PdfScrollReader/app/src/main/java/com/sanjog/pdfscrollreader/ui/fragmen
e: file:///D:/Users/itssa/AndroidStudioProjects/PdfScrollReader/app/src/main/java/com/sanjog/pdfscrollreader/ui/fragmen
e: file:///D:/Users/itssa/AndroidStudioProjects/PdfScrollReader/app/src/main/java/com/sanjog/pdfscrollreader/ui/fragmen
e: file:///D:/Users/itssa/AndroidStudioProjects/PdfScrollReader/app/src/main/java/com/sanjog/pdfscrollreader/ui/fragmen
e: file:///D:/Users/itssa/AndroidStudioProjects/PdfScrollReader/app/src/main/java/com/sanjog/pdfscrollreader/ui/fragmen
var pageDelegate: InkCanvasView.PageDelegate?
e: file:///D:/Users/itssa/AndroidStudioProjects/PdfScrollReader/app/src/main/java/com/sanjog/pdfscrollreader/ui/fragmen
e: file:///D:/Users/itssa/AndroidStudioProjects/PdfScrollReader/app/src/main/java/com/sanjog/pdfscrollreader/ui/fragmen
var pageDelegate: InkCanvasView.PageDelegate?
var pageDelegate: InkCanvasView.PageDelegate?
e: file:///D:/Users/itssa/AndroidStudioProjects/PdfScrollReader/app/src/main/java/com/sanjog/pdfscrollreader/ui/fragmen
var pageDelegate: InkCanvasView.PageDelegate?
var pageDelegate: InkCanvasView.PageDelegate?
e: file:///D:/Users/itssa/AndroidStudioProjects/PdfScrollReader/app/src/main/java/com/sanjog/pdfscrollreader/ui/fragmen
e: file:///D:/Users/itssa/AndroidStudioProjects/PdfScrollReader/app/src/main/java/com/sanjog/pdfscrollreader/ui/fragmen
fun setAnnotationUiState(visible: Boolean): Unit
fun setAnnotationUiState(visible: Boolean): Unit
e: file:///D:/Users/itssa/AndroidStudioProjects/PdfScrollReader/app/src/main/java/com/sanjog/pdfscrollreader/ui/fragmen
e: file:///D:/Users/itssa/AndroidStudioProjects/PdfScrollReader/app/src/main/java/com/sanjog/pdfscrollreader/ui/fragmen
e: file:///D:/Users/itssa/AndroidStudioProjects/PdfScrollReader/app/src/main/java/com/sanjog/pdfscrollreader/ui/fragmen
e: file:///D:/Users/itssa/AndroidStudioProjects/PdfScrollReader/app/src/main/java/com/sanjog/pdfscrollreader/ui/fragmen
e: file:///D:/Users/itssa/AndroidStudioProjects/PdfScrollReader/app/src/main/java/com/sanjog/pdfscrollreader/ui/fragmen
e: file:///D:/Users/itssa/AndroidStudioProjects/PdfScrollReader/app/src/main/java/com/sanjog/pdfscrollreader/ui/fragmen
fun setAnnotationUiState(visible: Boolean): Unit
fun setAnnotationUiState(visible: Boolean): Unit
e: file:///D:/Users/itssa/AndroidStudioProjects/PdfScrollReader/app/src/main/java/com/sanjog/pdfscrollreader/ui/fragmen
fun setAnnotationUiState(visible: Boolean): Unit
fun setAnnotationUiState(visible: Boolean): Unit
e: file:///D:/Users/itssa/AndroidStudioProjects/PdfScrollReader/app/src/main/java/com/sanjog/pdfscrollreader/ui/fragmen
fun safeSetToolboxVisible(visible: Boolean): Unit
e: file:///D:/Users/itssa/AndroidStudioProjects/PdfScrollReader/app/src/main/java/com/sanjog/pdfscrollreader/ui/fragmen
fun setAnnotationUiState(visible: Boolean): Unit
fun setAnnotationUiState(visible: Boolean): Unit
e: file:///D:/Users/itssa/AndroidStudioProjects/PdfScrollReader/app/src/main/java/com/sanjog/pdfscrollreader/ui/fragmen
e: file:///D:/Users/itssa/AndroidStudioProjects/PdfScrollReader/app/src/main/java/com/sanjog/pdfscrollreader/ui/fragmen
e: file:///D:/Users/itssa/AndroidStudioProjects/PdfScrollReader/app/src/main/java/com/sanjog/pdfscrollreader/ui/fragmen
e: file:///D:/Users/itssa/AndroidStudioProjects/PdfScrollReader/app/src/main/java/com/sanjog/pdfscrollreader/ui/fragmen
e: file:///D:/Users/itssa/AndroidStudioProjects/PdfScrollReader/app/src/main/java/com/sanjog/pdfscrollreader/ui/fragmen
e: file:///D:/Users/itssa/AndroidStudioProjects/PdfScrollReader/app/src/main/java/com/sanjog/pdfscrollreader/ui/fragmen
e: file:///D:/Users/itssa/AndroidStudioProjects/PdfScrollReader/app/src/main/java/com/sanjog/pdfscrollreader/ui/fragmen
e: file:///D:/Users/itssa/AndroidStudioProjects/PdfScrollReader/app/src/main/java/com/sanjog/pdfscrollreader/ui/fragmen
e: file:///D:/Users/itssa/AndroidStudioProjects/PdfScrollReader/app/src/main/java/com/sanjog/pdfscrollreader/ui/fragmen
e: file:///D:/Users/itssa/AndroidStudioProjects/PdfScrollReader/app/src/main/java/com/sanjog/pdfscrollreader/ui/fragmen
e: file:///D:/Users/itssa/AndroidStudioProjects/PdfScrollReader/app/src/main/java/com/sanjog/pdfscrollreader/ui/fragmen
e: file:///D:/Users/itssa/AndroidStudioProjects/PdfScrollReader/app/src/main/java/com/sanjog/pdfscrollreader/ui/fragmen
e: file:///D:/Users/itssa/AndroidStudioProjects/PdfScrollReader/app/src/main/java/com/sanjog/pdfscrollreader/ui/fragmen
e: file:///D:/Users/itssa/AndroidStudioProjects/PdfScrollReader/app/src/main/java/com/sanjog/pdfscrollreader/ui/fragmen
e: file:///D:/Users/itssa/AndroidStudioProjects/PdfScrollReader/app/src/main/java/com/sanjog/pdfscrollreader/ui/fragmen
e: file:///D:/Users/itssa/AndroidStudioProjects/PdfScrollReader/app/src/main/java/com/sanjog/pdfscrollreader/ui/fragmen
e: file:///D:/Users/itssa/AndroidStudioProjects/PdfScrollReader/app/src/main/java/com/sanjog/pdfscrollreader/ui/fragmen
e: file:///D:/Users/itssa/AndroidStudioProjects/PdfScrollReader/app/src/main/java/com/sanjog/pdfscrollreader/ui/fragmen
e: file:///D:/Users/itssa/AndroidStudioProjects/PdfScrollReader/app/src/main/java/com/sanjog/pdfscrollreader/ui/fragmen
e: file:///D:/Users/itssa/AndroidStudioProjects/PdfScrollReader/app/src/main/java/com/sanjog/pdfscrollreader/ui/fragmen
e: file:///D:/Users/itssa/AndroidStudioProjects/PdfScrollReader/app/src/main/java/com/sanjog/pdfscrollreader/ui/fragmen
e: file:///D:/Users/itssa/AndroidStudioProjects/PdfScrollReader/app/src/main/java/com/sanjog/pdfscrollreader/ui/fragmen
e: file:///D:/Users/itssa/AndroidStudioProjects/PdfScrollReader/app/src/main/java/com/sanjog/pdfscrollreader/ui/fragmen
e: file:///D:/Users/itssa/AndroidStudioProjects/PdfScrollReader/app/src/main/java/com/sanjog/pdfscrollreader/ui/fragmen
e: file:///D:/Users/itssa/AndroidStudioProjects/PdfScrollReader/app/src/main/java/com/sanjog/pdfscrollreader/ui/fragmen
e: file:///D:/Users/itssa/AndroidStudioProjects/PdfScrollReader/app/src/main/java/com/sanjog/pdfscrollreader/ui/fragmen
e: file:///D:/Users/itssa/AndroidStudioProjects/PdfScrollReader/app/src/main/java/com/sanjog/pdfscrollreader/ui/fragmen
e: file:///D:/Users/itssa/AndroidStudioProjects/PdfScrollReader/app/src/main/java/com/sanjog/pdfscrollreader/ui/fragmen
e: file:///D:/Users/itssa/AndroidStudioProjects/PdfScrollReader/app/src/main/java/com/sanjog/pdfscrollreader/ui/fragmen
e: file:///D:/Users/itssa/AndroidStudioProjects/PdfScrollReader/app/src/main/java/com/sanjog/pdfscrollreader/ui/fragmen
e: file:///D:/Users/itssa/AndroidStudioProjects/PdfScrollReader/app/src/main/java/com/sanjog/pdfscrollreader/ui/fragmen
e: file:///D:/Users/itssa/AndroidStudioProjects/PdfScrollReader/app/src/main/java/com/sanjog/pdfscrollreader/ui/fragmen
e: file:///D:/Users/itssa/AndroidStudioProjects/PdfScrollReader/app/src/main/java/com/sanjog/pdfscrollreader/ui/fragmen
e: file:///D:/Users/itssa/AndroidStudioProjects/PdfScrollReader/app/src/main/java/com/sanjog/pdfscrollreader/ui/fragmen
e: file:///D:/Users/itssa/AndroidStudioProjects/PdfScrollReader/app/src/main/java/com/sanjog/pdfscrollreader/ui/fragmen
e: file:///D:/Users/itssa/AndroidStudioProjects/PdfScrollReader/app/src/main/java/com/sanjog/pdfscrollreader/ui/fragmen
e: file:///D:/Users/itssa/AndroidStudioProjects/PdfScrollReader/app/src/main/java/com/sanjog/pdfscrollreader/ui/fragmen
e: file:///D:/Users/itssa/AndroidStudioProjects/PdfScrollReader/app/src/main/java/com/sanjog/pdfscrollreader/ui/fragmen
e: file:///D:/Users/itssa/AndroidStudioProjects/PdfScrollReader/app/src/main/java/com/sanjog/pdfscrollreader/ui/fragmen
e: file:///D:/Users/itssa/AndroidStudioProjects/PdfScrollReader/app/src/main/java/com/sanjog/pdfscrollreader/ui/fragmen
e: file:///D:/Users/itssa/AndroidStudioProjects/PdfScrollReader/app/src/main/java/com/sanjog/pdfscrollreader/ui/fragmen
e: file:///D:/Users/itssa/AndroidStudioProjects/PdfScrollReader/app/src/main/java/com/sanjog/pdfscrollreader/ui/fragmen
e: file:///D:/Users/itssa/AndroidStudioProjects/PdfScrollReader/app/src/main/java/com/sanjog/pdfscrollreader/ui/fragmen
e: file:///D:/Users/itssa/AndroidStudioProjects/PdfScrollReader/app/src/main/java/com/sanjog/pdfscrollreader/ui/fragmen
e: file:///D:/Users/itssa/AndroidStudioProjects/PdfScrollReader/app/src/main/java/com/sanjog/pdfscrollreader/ui/fragmen
e: file:///D:/Users/itssa/AndroidStudioProjects/PdfScrollReader/app/src/main/java/com/sanjog/pdfscrollreader/ui/fragmen
e: file:///D:/Users/itssa/AndroidStudioProjects/PdfScrollReader/app/src/main/java/com/sanjog/pdfscrollreader/ui/fragmen
e: file:///D:/Users/itssa/AndroidStudioProjects/PdfScrollReader/app/src/main/java/com/sanjog/pdfscrollreader/ui/fragmen
e: file:///D:/Users/itssa/AndroidStudioProjects/PdfScrollReader/app/src/main/java/com/sanjog/pdfscrollreader/ui/fragmen
e: file:///D:/Users/itssa/AndroidStudioProjects/PdfScrollReader/app/src/main/java/com/sanjog/pdfscrollreader/ui/fragmen
e: file:///D:/Users/itssa/AndroidStudioProjects/PdfScrollReader/app/src/main/java/com/sanjog/pdfscrollreader/ui/fragmen
e: file:///D:/Users/itssa/AndroidStudioProjects/PdfScrollReader/app/src/main/java/com/sanjog/pdfscrollreader/ui/fragmen
e: file:///D:/Users/itssa/AndroidStudioProjects/PdfScrollReader/app/src/main/java/com/sanjog/pdfscrollreader/ui/fragmen
e: file:///D:/Users/itssa/AndroidStudioProjects/PdfScrollReader/app/src/main/java/com/sanjog/pdfscrollreader/ui/fragmen
fun setAnnotationUiState(visible: Boolean): Unit
e: file:///D:/Users/itssa/AndroidStudioProjects/PdfScrollReader/app/src/main/java/com/sanjog/pdfscrollreader/ui/fragmen
e: file:///D:/Users/itssa/AndroidStudioProjects/PdfScrollReader/app/src/main/java/com/sanjog/pdfscrollreader/ui/fragmen
e: file:///D:/Users/itssa/AndroidStudioProjects/PdfScrollReader/app/src/main/java/com/sanjog/pdfscrollreader/ui/fragmen
e: file:///D:/Users/itssa/AndroidStudioProjects/PdfScrollReader/app/src/main/java/com/sanjog/pdfscrollreader/ui/fragmen
e: file:///D:/Users/itssa/AndroidStudioProjects/PdfScrollReader/app/src/main/java/com/sanjog/pdfscrollreader/ui/fragmen
e: file:///D:/Users/itssa/AndroidStudioProjects/PdfScrollReader/app/src/main/java/com/sanjog/pdfscrollreader/ui/fragmen
var pageDelegate: InkCanvasView.PageDelegate?
e: file:///D:/Users/itssa/AndroidStudioProjects/PdfScrollReader/app/src/main/java/com/sanjog/pdfscrollreader/ui/fragmen
e: file:///D:/Users/itssa/AndroidStudioProjects/PdfScrollReader/app/src/main/java/com/sanjog/pdfscrollreader/ui/fragmen
var pageDelegate: InkCanvasView.PageDelegate?
var pageDelegate: InkCanvasView.PageDelegate?
e: file:///D:/Users/itssa/AndroidStudioProjects/PdfScrollReader/app/src/main/java/com/sanjog/pdfscrollreader/ui/fragmen
var pageDelegate: InkCanvasView.PageDelegate?
var pageDelegate: InkCanvasView.PageDelegate?
e: file:///D:/Users/itssa/AndroidStudioProjects/PdfScrollReader/app/src/main/java/com/sanjog/pdfscrollreader/ui/fragmen
e: file:///D:/Users/itssa/AndroidStudioProjects/PdfScrollReader/app/src/main/java/com/sanjog/pdfscrollreader/ui/fragmen
fun setAnnotationUiState(visible: Boolean): Unit
fun setAnnotationUiState(visible: Boolean): Unit
e: file:///D:/Users/itssa/AndroidStudioProjects/PdfScrollReader/app/src/main/java/com/sanjog/pdfscrollreader/ui/fragmen
e: file:///D:/Users/itssa/AndroidStudioProjects/PdfScrollReader/app/src/main/java/com/sanjog/pdfscrollreader/ui/fragmen
e: file:///D:/Users/itssa/AndroidStudioProjects/PdfScrollReader/app/src/main/java/com/sanjog/pdfscrollreader/ui/fragmen
e: file:///D:/Users/itssa/AndroidStudioProjects/PdfScrollReader/app/src/main/java/com/sanjog/pdfscrollreader/ui/fragmen
e: file:///D:/Users/itssa/AndroidStudioProjects/PdfScrollReader/app/src/main/java/com/sanjog/pdfscrollreader/ui/fragmen
e: file:///D:/Users/itssa/AndroidStudioProjects/PdfScrollReader/app/src/main/java/com/sanjog/pdfscrollreader/ui/fragmen
fun setAnnotationUiState(visible: Boolean): Unit
fun setAnnotationUiState(visible: Boolean): Unit
e: file:///D:/Users/itssa/AndroidStudioProjects/PdfScrollReader/app/src/main/java/com/sanjog/pdfscrollreader/ui/fragmen
fun setAnnotationUiState(visible: Boolean): Unit
fun setAnnotationUiState(visible: Boolean): Unit
e: file:///D:/Users/itssa/AndroidStudioProjects/PdfScrollReader/app/src/main/java/com/sanjog/pdfscrollreader/ui/fragmen
fun safeSetToolboxVisible(visible: Boolean): Unit
e: file:///D:/Users/itssa/AndroidStudioProjects/PdfScrollReader/app/src/main/java/com/sanjog/pdfscrollreader/ui/fragmen
fun setAnnotationUiState(visible: Boolean): Unit
fun setAnnotationUiState(visible: Boolean): Unit
e: file:///D:/Users/itssa/AndroidStudioProjects/PdfScrollReader/app/src/main/java/com/sanjog/pdfscrollreader/ui/fragmen
e: file:///D:/Users/itssa/AndroidStudioProjects/PdfScrollReader/app/src/main/java/com/sanjog/pdfscrollreader/ui/fragmen
e: file:///D:/Users/itssa/AndroidStudioProjects/PdfScrollReader/app/src/main/java/com/sanjog/pdfscrollreader/ui/fragmen
e: file:///D:/Users/itssa/AndroidStudioProjects/PdfScrollReader/app/src/main/java/com/sanjog/pdfscrollreader/ui/fragmen
e: file:///D:/Users/itssa/AndroidStudioProjects/PdfScrollReader/app/src/main/java/com/sanjog/pdfscrollreader/ui/fragmen
e: file:///D:/Users/itssa/AndroidStudioProjects/PdfScrollReader/app/src/main/java/com/sanjog/pdfscrollreader/ui/fragmen
e: file:///D:/Users/itssa/AndroidStudioProjects/PdfScrollReader/app/src/main/java/com/sanjog/pdfscrollreader/ui/fragmen
e: file:///D:/Users/itssa/AndroidStudioProjects/PdfScrollReader/app/src/main/java/com/sanjog/pdfscrollreader/ui/fragmen
e: file:///D:/Users/itssa/AndroidStudioProjects/PdfScrollReader/app/src/main/java/com/sanjog/pdfscrollreader/ui/fragmen
e: file:///D:/Users/itssa/AndroidStudioProjects/PdfScrollReader/app/src/main/java/com/sanjog/pdfscrollreader/ui/fragmen
e: file:///D:/Users/itssa/AndroidStudioProjects/PdfScrollReader/app/src/main/java/com/sanjog/pdfscrollreader/ui/fragmen
e: file:///D:/Users/itssa/AndroidStudioProjects/PdfScrollReader/app/src/main/java/com/sanjog/pdfscrollreader/ui/fragmen
e: file:///D:/Users/itssa/AndroidStudioProjects/PdfScrollReader/app/src/main/java/com/sanjog/pdfscrollreader/ui/fragmen
e: file:///D:/Users/itssa/AndroidStudioProjects/PdfScrollReader/app/src/main/java/com/sanjog/pdfscrollreader/ui/fragmen
e: file:///D:/Users/itssa/AndroidStudioProjects/PdfScrollReader/app/src/main/java/com/sanjog/pdfscrollreader/ui/fragmen
e: file:///D:/Users/itssa/AndroidStudioProjects/PdfScrollReader/app/src/main/java/com/sanjog/pdfscrollreader/ui/fragmen
e: file:///D:/Users/itssa/AndroidStudioProjects/PdfScrollReader/app/src/main/java/com/sanjog/pdfscrollreader/ui/fragmen
e: file:///D:/Users/itssa/AndroidStudioProjects/PdfScrollReader/app/src/main/java/com/sanjog/pdfscrollreader/ui/fragmen
e: file:///D:/Users/itssa/AndroidStudioProjects/PdfScrollReader/app/src/main/java/com/sanjog/pdfscrollreader/ui/fragmen
e: file:///D:/Users/itssa/AndroidStudioProjects/PdfScrollReader/app/src/main/java/com/sanjog/pdfscrollreader/ui/fragmen
e: file:///D:/Users/itssa/AndroidStudioProjects/PdfScrollReader/app/src/main/java/com/sanjog/pdfscrollreader/ui/fragmen
e: file:///D:/Users/itssa/AndroidStudioProjects/PdfScrollReader/app/src/main/java/com/sanjog/pdfscrollreader/ui/fragmen
e: file:///D:/Users/itssa/AndroidStudioProjects/PdfScrollReader/app/src/main/java/com/sanjog/pdfscrollreader/ui/fragmen
e: file:///D:/Users/itssa/AndroidStudioProjects/PdfScrollReader/app/src/main/java/com/sanjog/pdfscrollreader/ui/fragmen
e: file:///D:/Users/itssa/AndroidStudioProjects/PdfScrollReader/app/src/main/java/com/sanjog/pdfscrollreader/ui/fragmen
e: file:///D:/Users/itssa/AndroidStudioProjects/PdfScrollReader/app/src/main/java/com/sanjog/pdfscrollreader/ui/fragmen
e: file:///D:/Users/itssa/AndroidStudioProjects/PdfScrollReader/app/src/main/java/com/sanjog/pdfscrollreader/ui/fragmen
e: file:///D:/Users/itssa/AndroidStudioProjects/PdfScrollReader/app/src/main/java/com/sanjog/pdfscrollreader/ui/fragmen
e: file:///D:/Users/itssa/AndroidStudioProjects/PdfScrollReader/app/src/main/java/com/sanjog/pdfscrollreader/ui/fragmen
e: file:///D:/Users/itssa/AndroidStudioProjects/PdfScrollReader/app/src/main/java/com/sanjog/pdfscrollreader/ui/fragmen
e: file:///D:/Users/itssa/AndroidStudioProjects/PdfScrollReader/app/src/main/java/com/sanjog/pdfscrollreader/ui/fragmen
e: file:///D:/Users/itssa/AndroidStudioProjects/PdfScrollReader/app/src/main/java/com/sanjog/pdfscrollreader/ui/fragmen
e: file:///D:/Users/itssa/AndroidStudioProjects/PdfScrollReader/app/src/main/java/com/sanjog/pdfscrollreader/ui/fragmen
e: file:///D:/Users/itssa/AndroidStudioProjects/PdfScrollReader/app/src/main/java/com/sanjog/pdfscrollreader/ui/fragmen
e: file:///D:/Users/itssa/AndroidStudioProjects/PdfScrollReader/app/src/main/java/com/sanjog/pdfscrollreader/ui/fragmen
e: file:///D:/Users/itssa/AndroidStudioProjects/PdfScrollReader/app/src/main/java/com/sanjog/pdfscrollreader/ui/fragmen
e: file:///D:/Users/itssa/AndroidStudioProjects/PdfScrollReader/app/src/main/java/com/sanjog/pdfscrollreader/ui/fragmen
e: file:///D:/Users/itssa/AndroidStudioProjects/PdfScrollReader/app/src/main/java/com/sanjog/pdfscrollreader/ui/fragmen
e: file:///D:/Users/itssa/AndroidStudioProjects/PdfScrollReader/app/src/main/java/com/sanjog/pdfscrollreader/ui/fragmen
e: file:///D:/Users/itssa/AndroidStudioProjects/PdfScrollReader/app/src/main/java/com/sanjog/pdfscrollreader/ui/fragmen
e: file:///D:/Users/itssa/AndroidStudioProjects/PdfScrollReader/app/src/main/java/com/sanjog/pdfscrollreader/ui/fragmen
e: file:///D:/Users/itssa/AndroidStudioProjects/PdfScrollReader/app/src/main/java/com/sanjog/pdfscrollreader/ui/fragmen
e: file:///D:/Users/itssa/AndroidStudioProjects/PdfScrollReader/app/src/main/java/com/sanjog/pdfscrollreader/ui/fragmen
e: file:///D:/Users/itssa/AndroidStudioProjects/PdfScrollReader/app/src/main/java/com/sanjog/pdfscrollreader/ui/fragmen
e: file:///D:/Users/itssa/AndroidStudioProjects/PdfScrollReader/app/src/main/java/com/sanjog/pdfscrollreader/ui/fragmen
e: file:///D:/Users/itssa/AndroidStudioProjects/PdfScrollReader/app/src/main/java/com/sanjog/pdfscrollreader/ui/fragmen
e: file:///D:/Users/itssa/AndroidStudioProjects/PdfScrollReader/app/src/main/java/com/sanjog/pdfscrollreader/ui/fragmen
e: file:///D:/Users/itssa/AndroidStudioProjects/PdfScrollReader/app/src/main/java/com/sanjog/pdfscrollreader/ui/fragmen
e: file:///D:/Users/itssa/AndroidStudioProjects/PdfScrollReader/app/src/main/java/com/sanjog/pdfscrollreader/ui/fragmen
e: file:///D:/Users/itssa/AndroidStudioProjects/PdfScrollReader/app/src/main/java/com/sanjog/pdfscrollreader/ui/fragmen
FAILURE: Build failed with an exception.


